// Vitest Snapshot v1, https://vitest.dev/guide/snapshot.html

exports[`should render correctly 1`] = `
<ul
  class="bgm-pagination"
  data-testid="pagination-wrapper"
>
  <li
    class="bgm-pagination-prev bgm-pagination-prev--hide"
    data-testid="pagination-prev"
  >
    <div
      class="bgm-pagination-icon"
    />
  </li>
  <li
    class="bgm-pagination-pager bgm-pagination-pager--1 bgm-pagination-pager--active"
    data-testid="pagination-pager"
    tabindex="0"
    title="1"
  >
    <a
      rel="nofollow"
    >
      1
    </a>
  </li>
  <li
    class="bgm-pagination-pager bgm-pagination-pager--2"
    data-testid="pagination-pager"
    tabindex="0"
    title="2"
  >
    <a
      rel="nofollow"
    >
      2
    </a>
  </li>
  <li
    class="bgm-pagination-pager bgm-pagination-pager--3"
    data-testid="pagination-pager"
    tabindex="0"
    title="3"
  >
    <a
      rel="nofollow"
    >
      3
    </a>
  </li>
  <li
    class="bgm-pagination-pager bgm-pagination-pager--4"
    data-testid="pagination-pager"
    tabindex="0"
    title="4"
  >
    <a
      rel="nofollow"
    >
      4
    </a>
  </li>
  <li
    class="bgm-pagination-pager bgm-pagination-pager--5"
    data-testid="pagination-pager"
    tabindex="0"
    title="5"
  >
    <a
      rel="nofollow"
    >
      5
    </a>
  </li>
  <li
    class="bgm-pagination-pager bgm-pagination-pager--6"
    data-testid="pagination-pager"
    tabindex="0"
    title="6"
  >
    <a
      rel="nofollow"
    >
      6
    </a>
  </li>
  <li
    class="bgm-pagination-pager bgm-pagination-pager--7"
    data-testid="pagination-pager"
    tabindex="0"
    title="7"
  >
    <a
      rel="nofollow"
    >
      7
    </a>
  </li>
  <li
    class="bgm-pagination-pager bgm-pagination-pager--8"
    data-testid="pagination-pager"
    tabindex="0"
    title="8"
  >
    <a
      rel="nofollow"
    >
      8
    </a>
  </li>
  <li
    class="bgm-pagination-pager bgm-pagination-pager--9"
    data-testid="pagination-pager"
    tabindex="0"
    title="9"
  >
    <a
      rel="nofollow"
    >
      9
    </a>
  </li>
  <li
    class="bgm-pagination-pager bgm-pagination-pager--10"
    data-testid="pagination-pager"
    tabindex="0"
    title="10"
  >
    <a
      rel="nofollow"
    >
      10
    </a>
  </li>
  <li
    class="bgm-pagination-next"
    data-testid="pagination-next"
  >
    <div
      class="bgm-pagination-icon"
    />
  </li>
</ul>
`;
