// Vitest Snapshot v1, https://vitest.dev/guide/snapshot.html

exports[`should refresh me if login succeeded 1`] = `
Object {
  "avatar": Object {
    "large": "https://lain.bgm.tv/pic/user/l/000/38/29/382951.jpg?r=1571167246",
    "medium": "https://lain.bgm.tv/pic/user/m/000/38/29/382951.jpg?r=1571167246",
    "small": "https://lain.bgm.tv/pic/user/s/000/38/29/382951.jpg?r=1571167246",
  },
  "id": 382951,
  "nickname": "树洞酱",
  "username": "382951",
}
`;
