// Vitest Snapshot v1, https://vitest.dev/guide/snapshot.html

exports[`should render 1`] = `
<div
  class="bgm-collapsible-content"
>
  <div>
    bgm
  </div>
</div>
`;
