// Vitest Snapshot v1, https://vitest.dev/guide/snapshot.html

exports[`should render borderless tab 1`] = `
<div>
  <ul
    class="bgm-tab bgm-tab--borderless"
  >
    <li
      class="bgm-tab__item bgm-tab__item--borderless bgm-tab__item--active"
    >
      1
    </li>
    <li
      class="bgm-tab__item bgm-tab__item--borderless"
    >
      2
    </li>
  </ul>
</div>
`;
