// Vitest Snapshot v1, https://vitest.dev/guide/snapshot.html

exports[`html render bbcode string > render sticker 1`] = `"<img src=\\"https://lain.bgm.tv/img/smiles/tv/15.gif\\" smileid=\\"54\\" alt=\\"(bgm38)\\"/><img src=\\"https://lain.bgm.tv/img/smiles/bgm/23.gif\\" smileid=\\"39\\" alt=\\"(bgm23)\\"/><img src=\\"https://lain.bgm.tv/img/smiles/13.gif\\" smileid=\\"13\\" alt=\\"(=///=)\\"/>"`;
